// Jest Snapshot v1, https://goo.gl/fbAQLP

exports[`Characters renders Characters List 1`] = `
<ul>
  <li
    key="2"
  >
    <Character
      id="2"
      image="someimage.jpeg"
      name="Rick Sanchez"
      origin="earth"
      species="human"
      status="alive"
    />
  </li>
</ul>
`;
